
Memory Configuration

Name             Origin             Length             Attributes
flash            0x0000000000000000 0x0000000020000000 xr
sram             0x0000000020000000 0x0000000020000000 xrw
*default*        0x0000000000000000 0xffffffffffffffff

Linker script and memory map


.text           0x0000000000000000      0x12c
 *(.vectors*)
 .vectors       0x0000000000000000       0x10 startup.o
                0x0000000000000000                g_p_fn_Vectors
 *(.text*)
 .text          0x0000000000000010       0x8c main.o
                0x0000000000000010                main
 .text          0x000000000000009c       0x90 startup.o
                0x000000000000009c                Default_Handler
                0x000000000000009c                H_fault_Handler
                0x000000000000009c                NMI_Handler
                0x00000000000000a8                Rest_Handler
 *(.rodata)
                0x000000000000012c                _E_text = .

.glue_7         0x000000000000012c        0x0
 .glue_7        0x000000000000012c        0x0 linker stubs

.glue_7t        0x000000000000012c        0x0
 .glue_7t       0x000000000000012c        0x0 linker stubs

.vfp11_veneer   0x000000000000012c        0x0
 .vfp11_veneer  0x000000000000012c        0x0 linker stubs

.v4_bx          0x000000000000012c        0x0
 .v4_bx         0x000000000000012c        0x0 linker stubs

.iplt           0x000000000000012c        0x0
 .iplt          0x000000000000012c        0x0 startup.o

.rel.dyn        0x000000000000012c        0x0
 .rel.iplt      0x000000000000012c        0x0 startup.o

.data           0x0000000020000000        0x0 load address 0x000000000000012c
                0x0000000020000000                _S_DATA = .
 *(.data)
 .data          0x0000000020000000        0x0 main.o
 .data          0x0000000020000000        0x0 startup.o
                0x0000000020000000                . = ALIGN (0x4)
                0x0000000020000000                _E_DATA = .

.igot.plt       0x0000000020000000        0x0 load address 0x000000000000012c
 .igot.plt      0x0000000020000000        0x0 startup.o

.bss            0x0000000020000000     0x1400 load address 0x000000000000012c
                0x0000000020000000                _S_bss = .
 *(.bss*)
 .bss           0x0000000020000000        0x0 main.o
 .bss           0x0000000020000000      0x400 startup.o
                0x0000000020000400                _E_bss = .
                0x0000000020001400                . = (. + 0x1000)
 *fill*         0x0000000020000400     0x1000 
LOAD main.o
LOAD startup.o
OUTPUT(unit3_lab4_cortexM4.elf elf32-littlearm)
LOAD linker stubs

.debug_info     0x0000000000000000      0x2e4
 .debug_info    0x0000000000000000       0xda main.o
 .debug_info    0x00000000000000da      0x20a startup.o

.debug_abbrev   0x0000000000000000      0x164
 .debug_abbrev  0x0000000000000000       0x6d main.o
 .debug_abbrev  0x000000000000006d       0xf7 startup.o

.debug_loc      0x0000000000000000       0xb4
 .debug_loc     0x0000000000000000       0x38 main.o
 .debug_loc     0x0000000000000038       0x7c startup.o

.debug_aranges  0x0000000000000000       0x40
 .debug_aranges
                0x0000000000000000       0x20 main.o
 .debug_aranges
                0x0000000000000020       0x20 startup.o

.debug_line     0x0000000000000000      0x27b
 .debug_line    0x0000000000000000      0x137 main.o
 .debug_line    0x0000000000000137      0x144 startup.o

.debug_str      0x0000000000000000      0x1af
 .debug_str     0x0000000000000000      0x11a main.o
                                        0x15c (size before relaxing)
 .debug_str     0x000000000000011a       0x95 startup.o
                                        0x1d7 (size before relaxing)

.comment        0x0000000000000000       0x12
 .comment       0x0000000000000000       0x12 main.o
                                         0x13 (size before relaxing)
 .comment       0x0000000000000012       0x13 startup.o

.ARM.attributes
                0x0000000000000000       0x2e
 .ARM.attributes
                0x0000000000000000       0x2e main.o
 .ARM.attributes
                0x000000000000002e       0x2e startup.o

.debug_frame    0x0000000000000000       0x7c
 .debug_frame   0x0000000000000000       0x2c main.o
 .debug_frame   0x000000000000002c       0x50 startup.o
